---
source: tests/parser.rs
expression: names
---
[
    "ED-R LINDENBERG [Unknown(\"R\")] (GND → 5500 ft AMSL) {Circle[r=1.3NM]}",
    "ED-R PEENEMUENDE (NOTAM) [Unknown(\"R\")] (GND → 5000 ft AMSL) {Polygon[7]}",
    "ED-R Klixbuell HX 125.100 [Unknown(\"R\")] (GND → 2500 ft AGL) {Circle[r=0.8NM]}",
    "ED-D Mecklenburger Bucht Sektor A [Unknown(\"Q\")] (GND → 2000 ft AMSL) {Polygon[4]}",
    "ED-D Mecklenburger Bucht Sektor B [Unknown(\"Q\")] (GND → 2000 ft AMSL) {Polygon[8]}",
    "ED-D Mecklenburger Bucht Sektor C [Unknown(\"Q\")] (GND → 2000 ft AMSL) {Polygon[8]}",
    "ED-D Mecklenburger Bucht Sektor D [Unknown(\"Q\")] (GND → 2000 ft AMSL) {Polygon[5]}",
    "ED-D Mecklenburger Bucht Sektor E [Unknown(\"Q\")] (GND → 2000 ft AMSL) {Polygon[5]}",
    "ED-R ECKERNFOERDE [Unknown(\"R\")] (GND → 1000 ft AMSL) {Circle[r=0.5NM]}",
    "ED-R HOHE DUENE [Unknown(\"R\")] (GND → 1000 ft AMSL) {Circle[r=1NM]}",
    "ED-R KIEL [Unknown(\"R\")] (GND → 1000 ft AGL) {Circle[r=0.5NM]}",
    "ED-R1 Garching H24 [Unknown(\"R\")] (GND → 3600 ft AMSL) {Circle[r=0.8NM]}",
    "ED-R3 Geesthacht H24 [Unknown(\"R\")] (GND → 2200 ft AMSL) {Circle[r=1.1NM]}",
    "ED-R4 Wannsee H24 [Unknown(\"R\")] (GND → 2200 ft AMSL) {Polygon[5]}",
    "ED-R5 Biblis H24 [Unknown(\"R\")] (GND → 2300 ft AMSL) {Circle[r=0.8NM]}",
    "ED-R6 Brokdorf H24 [Unknown(\"R\")] (GND → 2000 ft AMSL) {Circle[r=0.8NM]}",
    "ED-R7 Brunsbuettel H24 [Unknown(\"R\")] (GND → 2000 ft AMSL) {Circle[r=0.8NM]}",
    "ED-R8 Emsland H24 [Unknown(\"R\")] (GND → 2100 ft AMSL) {Circle[r=0.8NM]}",
    "ED-R10A Todendorf-Putlos MON-SAT+ [Unknown(\"R\")] (GND → 40000 ft AMSL) {Polygon[11]}",
    "ED-R10B Todendorf-Putlos MON-SAT+ [Unknown(\"R\")] (GND → 40000 ft AMSL) {Polygon[8]}",
    "ED-R10C Todendorf-Putlos MON-SAT+ [Unknown(\"R\")] (GND → 4000 ft AMSL) {Polygon[8]}",
    "ED-R10C_2 Todendorf-Putlos NOTAM [Unknown(\"R\")] (4000 ft AMSL → 40000 ft AMSL) {Polygon[8]}",
    "ED-R10D Todendorf-Putlos MON-SAT+ [Unknown(\"R\")] (GND → 3000 ft AMSL) {Polygon[5]}",
    "ED-R10E Todendorf-Putlos MON-SAT+ [Unknown(\"R\")] (GND → 3000 ft AMSL) {Polygon[6]}",
    "ED-R11A Ostsee MON-FRI+ [Unknown(\"R\")] (GND → 48000 ft AMSL) {Polygon[6]}",
    "ED-R11B Ostsee MON-FRI+ [Unknown(\"R\")] (GND → 48000 ft AMSL) {Polygon[9]}",
    "ED-R12A Schoenhagen MON-FRI+ [Unknown(\"R\")] (GND → 3500 ft AMSL) {Polygon[5]}",
    "ED-R12A_2 Schoenhagen NOTAM [Unknown(\"R\")] (3500 ft AMSL → 10000 ft AMSL) {Polygon[5]}",
    "ED-R12B Schoenhagen MON-FRI+ [Unknown(\"R\")] (GND → 10000 ft AMSL) {Polygon[7]}",
    "ED-R13A Meldorfer Bucht MON-FRI+ [Unknown(\"R\")] (GND → 5000 ft AMSL) {Polygon[6]}",
    "ED-R13A_2 Meldorfer Bucht NOTAM [Unknown(\"R\")] (5000 ft AMSL → 45000 ft AMSL) {Polygon[6]}",
    "ED-R13B Meldorfer Bucht MON-FRI+ [Unknown(\"R\")] (GND → 24500 ft AMSL) {Polygon[10]}",
    "ED-R14 Moorkamp MON-THU [Unknown(\"R\")] (GND → 1000 ft AMSL) {Circle[r=1.3NM]}",
    "ED-R15 Karow MON-FRI+ [Unknown(\"R\")] (GND → 1700 ft AMSL) {Polygon[5]}",
    "ED-R16 Calw MON-FRI+ [Unknown(\"R\")] (GND → 3500 ft AMSL) {Polygon[9]}",
    "ED-R17 Jaegerbrueck MON-FRI+ [Unknown(\"R\")] (GND → 16500 ft AMSL) {Polygon[10]}",
    "ED-R22 Hagenow MON-FRI+ [Unknown(\"R\")] (GND → 2700 ft AMSL) {Polygon[5]}",
    "ED-R23 Grafenrheinfeld H24 [Unknown(\"R\")] (GND → 2700 ft AMSL) {Circle[r=0.8NM]}",
    "ED-R24 Grohnde H24 [Unknown(\"R\")] (GND → 2200 ft AMSL) {Circle[r=0.8NM]}",
    "ED-R25 Gundremmingen H24 [Unknown(\"R\")] (GND → 3400 ft AMSL) {Circle[r=0.8NM]}",
    "ED-R27 Isar H24 [Unknown(\"R\")] (GND → 3300 ft AMSL) {Circle[r=0.8NM]}",
    "ED-R30 Ehra-Lessien MON-FRI+ [Unknown(\"R\")] (GND → 5000 ft AMSL) {Polygon[7]}",
    "ED-R30_2 Ehra-Lessien NOTAM [Unknown(\"R\")] (5000 ft AMSL → 12000 ft AMSL) {Polygon[7]}",
    "ED-R31 Bergen MON-FRI+ [Unknown(\"R\")] (GND → 14000 ft AMSL) {Polygon[12]}",
    "ED-R32A Munster MON-FRI+ [Unknown(\"R\")] (GND → 14000 ft AMSL) {Polygon[9]}",
    "ED-R32B Munster MON-FRI+ [Unknown(\"R\")] (GND → 10500 ft AMSL) {Polygon[6]}",
    "ED-R33A Unterluess MON-SAT [Unknown(\"R\")] (GND → 24000 ft AMSL) {Polygon[7]}",
    "ED-R33B Unterluess (NOTAM MON-SAT) [Unknown(\"R\")] (GND → 24000 ft AMSL) {Polygon[5]}",
    "ED-R34A Meppen MON-FRI+ [Unknown(\"R\")] (GND → 30000 ft AMSL) {Polygon[6]}",
    "ED-R34B Meppen MON-FRI+ [Unknown(\"R\")] (GND → 17000 ft AMSL) {Polygon[5]}",
    "ED-R34C Meppen NOTAM [Unknown(\"R\")] (GND → FL80) {Polygon[6]}",
    "ED-R37A Nordhorn MON-FRI [Unknown(\"R\")] (GND → FL100) {Circle[r=5NM]}",
    "ED-R37B Nordhorn MON-FRI [Unknown(\"R\")] (GND → 4000 ft AMSL) {Polygon[7]}",
    "ED-R37B_2 Nordhorn NOTAM [Unknown(\"R\")] (4000 ft AMSL → FL100) {Polygon[7]}",
    "ED-R38 Neckarwestheim H24 [Unknown(\"R\")] (GND → 2900 ft AMSL) {Circle[r=0.8NM]}",
    "ED-R39 Obrigheim H24 [Unknown(\"R\")] (GND → 2800 ft AMSL) {Circle[r=0.8NM]}",
    "ED-R40 Philippsburg H24 [Unknown(\"R\")] (GND → 2300 ft AMSL) {Circle[r=0.8NM]}",
    "ED-R41 Unterweser H24 [Unknown(\"R\")] (GND → 2000 ft AMSL) {Circle[r=0.8NM]}",
    "ED-R43A Eckernfoerder Bucht MON-FRI+ [Unknown(\"R\")] (GND → 1000 ft AMSL) {Polygon[10]}",
    "ED-R43B Eckernfoerder Bucht MON-FRI+ [Unknown(\"R\")] (GND → 1000 ft AMSL) {Polygon[5]}",
    "ED-R43C Eckernfoerder Bucht MON-FRI+ [Unknown(\"R\")] (GND → 1000 ft AMSL) {Polygon[5]}",
    "ED-R44 Christianhoeh MON-FRI+ [Unknown(\"R\")] (GND → 1000 ft AMSL) {Circle[r=0.54NM]}",
    "ED-R45 Melpitz NOTAM [Unknown(\"R\")] (GND → 5000 ft AMSL) {Circle[r=2NM]}",
    "ED-R50 Meseberg NOTAM [Unknown(\"R\")] (GND → 3000 ft AMSL) {Circle[r=1.5NM]}",
    "ED-R54 Lehnin MON-FRI [Unknown(\"R\")] (GND → 3500 ft AMSL) {Polygon[8]}",
    "ED-R55 Storkow MON-FRI+ [Unknown(\"R\")] (GND → 1900 ft AMSL) {Polygon[5]}",
    "ED-R56 Kummersdorf MON-FRI [Unknown(\"R\")] (GND → 3500 ft AMSL) {Polygon[7]}",
    "ED-R60 Oberpfaffenh. NOTAM nighttime [Unknown(\"R\")] (GND → FL430) {Circle[r=0.8NM]}",
    "ED-R70 Holzdorf MON-FRI+ [Unknown(\"R\")] (GND → 1700 ft AMSL) {Polygon[10]}",
    "ED-R70_2 Holzdorf NOTAM [Unknown(\"R\")] (1700 ft AMSL → 2000 ft AMSL) {Polygon[10]}",
    "ED-R71 Klietz MON-FRI+ [Unknown(\"R\")] (GND → 16600 ft AMSL) {Polygon[10]}",
    "ED-R73A Altengrabow MON-FRI+ [Unknown(\"R\")] (GND → 18000 ft AMSL) {Polygon[7]}",
    "ED-R73B Altengrabow NOTAM [Unknown(\"R\")] (GND → 18000 ft AMSL) {Polygon[8]}",
    "ED-R73C Altengrabow NOTAM [Unknown(\"R\")] (GND → 10700 ft AMSL) {Polygon[7]}",
    "ED-R73D Altengrabow MON-FRI+ [Unknown(\"R\")] (GND → 18000 ft AMSL) {Polygon[6]}",
    "ED-R74A Altmark H24 [Unknown(\"R\")] (GND → FL100) {Polygon[10]}",
    "ED-R74B Altmark NOTAM [Unknown(\"R\")] (GND → FL100) {Polygon[4]}",
    "ED-R74C Altmark NOTAM [Unknown(\"R\")] (GND → 3000 ft AMSL) {Circle[r=0.8NM]}",
    "ED-R76A Oberlausitz MON-FRI+ [Unknown(\"R\")] (GND → 19900 ft AMSL) {Polygon[45]}",
    "ED-R76B Oberlausitz MON-FRI+ [Unknown(\"R\")] (GND → 19900 ft AMSL) {Polygon[10]}",
    "ED-R76C Oberlausitz MON-FRI+ [Unknown(\"R\")] (GND → 2900 ft AMSL) {Polygon[8]}",
    "ED-R76C_2 Oberlausitz NOTAM [Unknown(\"R\")] (2900 ft AMSL → 5500 ft AMSL) {Polygon[8]}",
    "ED-R76D Oberlausitz MON-FRI+ [Unknown(\"R\")] (GND → 2900 ft AMSL) {Polygon[6]}",
    "ED-R76D_2 Oberlausitz NOTAM [Unknown(\"R\")] (2900 ft AMSL → 5500 ft AMSL) {Polygon[6]}",
    "ED-R77 Marienberg MON-FRI+ [Unknown(\"R\")] (GND → 3600 ft AMSL) {Polygon[5]}",
    "ED-R90 Wartburg H24 [Unknown(\"R\")] (GND → 3300 ft AMSL) {Circle[r=1NM]}",
    "ED-R92 Bad Salzungen MON-FRI+ [Unknown(\"R\")] (GND → 2800 ft AMSL) {Polygon[5]}",
    "ED-R93 Bad Frankenhausen MON-FRI+ [Unknown(\"R\")] (GND → 2700 ft AMSL) {Polygon[5]}",
    "ED-R94 Sondershausen MON-FRI+ [Unknown(\"R\")] (GND → 2600 ft AMSL) {Polygon[5]}",
    "ED-R95A Ohrdruf MON-FRI+ [Unknown(\"R\")] (GND → 13500 ft AMSL) {Polygon[6]}",
    "ED-R95B Ohrdruf MON-FRI+ [Unknown(\"R\")] (GND → 4500 ft AMSL) {Polygon[4]}",
    "ED-R96 Romrod MON-FRI [Unknown(\"R\")] (GND → 4500 ft AMSL) {Circle[r=2NM]}",
    "ED-R97A Schwarzenborn MON-FRI+ [Unknown(\"R\")] (GND → 12000 ft AMSL) {Polygon[7]}",
    "ED-R97B Schwarzenborn MON-FRI [Unknown(\"R\")] (GND → FL80) {Polygon[6]}",
    "ED-R111 Juelich H24 [Unknown(\"R\")] (GND → 2300 ft AMSL) {Circle[r=2NM]}",
    "ED-R112A Senne MON-FRI+ [Unknown(\"R\")] (GND → FL140) {Polygon[12]}",
    "ED-R112B Senne MON-FRI+ [Unknown(\"R\")] (GND → FL140) {Polygon[5]}",
    "ED-R116 Baumholder MON-SAT+ [Unknown(\"R\")] (GND → 23000 ft AMSL) {Polygon[12]}",
    "Korridor \"F\" [Unknown(\"W\")] (GND → 2100 ft AMSL) {Polygon[4]}",
    "ED-R117 Elsenborn NOTAM [Unknown(\"R\")] (GND → FL105) {Polygon[380]}",
    "ED-R118 Pirmasens TUE+ [Unknown(\"R\")] (GND → 3300 ft AMSL) {Circle[r=1NM]}",
    "ED-R131 Lampoldshausen MON-FRI+ [Unknown(\"R\")] (GND → 3000 ft AMSL) {Circle[r=1NM]}",
    "ED-R132A Heuberg MON-FRI+ [Unknown(\"R\")] (GND → 18000 ft AMSL) {Polygon[5]}",
    "ED-R132B Heuberg NOTAM [Unknown(\"R\")] (GND → 18000 ft AMSL) {Polygon[7]}",
    "ED-R133 Karlsruhe H24 [Unknown(\"R\")] (GND → 2300 ft AMSL) {Circle[r=2NM]}",
    "ED-R134 Wildflecken MON-FRI+ [Unknown(\"R\")] (GND → 18000 ft AMSL) {Polygon[7]}",
    "ED-R135A Hammelburg MON-FRI+ [Unknown(\"R\")] (GND → FL100) {Polygon[5]}",
    "ED-R135B Hammelburg NOTAM [Unknown(\"R\")] (GND → FL100) {Polygon[5]}",
    "ED-R135C Hammelburg NOTAM [Unknown(\"R\")] (GND → FL100) {Polygon[6]}",
    "ED-R136A Grafenwoehr H24 [Unknown(\"R\")] (GND → 30000 ft AMSL) {Polygon[10]}",
    "ED-R136B Grafenwoehr MO-FR+ [Unknown(\"R\")] (GND → 10000 ft AMSL) {Polygon[6]}",
    "ED-R137A Hohenfels H24 [Unknown(\"R\")] (GND → 5000 ft AMSL) {Polygon[36]}",
    "ED-R137A_2 Hohenfels NOTAM [Unknown(\"R\")] (5000 ft AMSL → 18000 ft AMSL) {Polygon[36]}",
    "ED-R137B Hohenfels NOTAM [Unknown(\"R\")] (GND → FL75) {Polygon[12]}",
    "ED-R137B_2 Hohenfels NOTAM [Unknown(\"R\")] (FL75 → 18000 ft AMSL) {Polygon[12]}",
    "ED-R137C Hohenfels NOTAM [Unknown(\"R\")] (GND → FL75) {Polygon[4]}",
    "ED-R137C_2 Hohenfels NOTAM [Unknown(\"R\")] (FL75 → 18000 ft AMSL) {Polygon[4]}",
    "ED-R138A Siegenburg MON-FRI+ [Unknown(\"R\")] (GND → FL100) {Polygon[6]}",
    "ED-R139 Wettzell H24 [Unknown(\"R\")] (GND → 5000 ft AMSL) {Circle[r=1.35NM]}",
    "ED-R141 Altenstadt MON-FRI [Unknown(\"R\")] (GND → FL100) {Polygon[5]}",
    "ED-R142 Reiteralpe MON-FRI+ [Unknown(\"R\")] (GND → 12000 ft AMSL) {Polygon[27]}",
    "ED-R143 Hagenauer Forst MON-FRI+ [Unknown(\"R\")] (GND → 2500 ft AMSL) {Circle[r=1.7NM]}",
    "ED-R144 Franken MON-FRI+ [Unknown(\"R\")] (FL75 → FL100) {Polygon[11]}",
    "ED-R145 Spatzenhausen MON-THU [Unknown(\"R\")] (GND → 5000 ft AMSL) {Polygon[6]}",
    "ED-R146 Berlin H24 [Unknown(\"R\")] (GND → 5000 ft AMSL) {Circle[r=3NM]}",
    "ED-R147 Manching HX (FIS) [Unknown(\"R\")] (3700 ft AMSL → FL75) {Polygon[7]}",
    "ED-R148 Schleswig HX (FIS) [Unknown(\"R\")] (2600 ft AMSL → FL100) {Polygon[7]}",
    "ED-R201A TRA-Friesland MON-FRI [Unknown(\"R\")] (FL80 → FL245) {Polygon[5]}",
    "ED-R201B TRA-Friesland MON-FRI [Unknown(\"R\")] (FL80 → FL245) {Polygon[15]}",
    "ED-R201C TRA-Friesland MON-FRI [Unknown(\"R\")] (FL80 → FL245) {Polygon[9]}",
    "ED-R201D TRA-Friesland MON-FRI [Unknown(\"R\")] (FL80 → FL245) {Polygon[6]}",
    "ED-R201E TRA-Friesland MON-FRI [Unknown(\"R\")] (FL80 → FL245) {Polygon[25]}",
    "ED-R201F TRA-Friesland MON-FRI [Unknown(\"R\")] (FL80 → FL245) {Polygon[14]}",
    "ED-R202A TRA-Weser MON-FRI [Unknown(\"R\")] (FL80 → FL245) {Polygon[8]}",
    "ED-R202B TRA-Weser MON-FRI [Unknown(\"R\")] (FL80 → FL245) {Polygon[8]}",
    "ED-R202C TRA-Weser MON-FRI [Unknown(\"R\")] (FL80 → FL245) {Polygon[8]}",
    "ED-R202D TRA-Weser MON-FRI [Unknown(\"R\")] (FL80 → FL245) {Polygon[9]}",
    "ED-R202E TRA-Weser MON-FRI [Unknown(\"R\")] (FL80 → FL245) {Polygon[13]}",
    "ED-R203A TRA-Muensterland MON-FRI [Unknown(\"R\")] (FL80 → FL150) {Polygon[8]}",
    "EUC SEA 1 MON-FRI [Unknown(\"R\")] (FL55 → FL660) {Polygon[8]}",
    "LASER Kuehlungsborn H24 [Unknown(\"Q\")] (GND → FL660) {Circle[r=0.1NM]}",
    "LASER Grevenbroich H24 [Unknown(\"Q\")] (GND → FL660) {Circle[r=0.1NM]}",
    "ED-D19A Todendorf-Putlos MON-SAT+ [Unknown(\"Q\")] (GND → 40000 ft AMSL) {Polygon[6]}",
    "ED-D19B Todendorf-Putlos MON-SAT+ [Unknown(\"Q\")] (GND → 4000 ft AMSL) {Polygon[5]}",
    "ED-D19B_2 Todendorf-Putlos NOTAM [Unknown(\"Q\")] (4000 ft AMSL → 40000 ft AMSL) {Polygon[5]}",
    "ED-D28 Ostsee MON-FRI+ [Unknown(\"Q\")] (GND → 48000 ft AMSL) {Polygon[8]}",
    "ED-D41A Sylt MON-FRI [Unknown(\"Q\")] (GND → 48000 ft AMSL) {Polygon[9]}",
    "ED-D41B Sylt MON-FRI [Unknown(\"Q\")] (5000 ft AMSL → 48000 ft AMSL) {Polygon[7]}",
    "ED-D44 Helgoland MON-FRI+ [Unknown(\"Q\")] (GND → FL660) {Polygon[5]}",
    "ED-D46 Nordsee MON-FRI+ [Unknown(\"Q\")] (GND → FL660) {Polygon[9]}",
    "ED-D47A Ruegen MON-FRI+ [Unknown(\"Q\")] (GND → FL500) {Polygon[6]}",
    "ED-D47B Ruegen MON-FRI+ [Unknown(\"Q\")] (GND → FL500) {Polygon[7]}",
    "ED-D47C Ruegen MON-FRI+ [Unknown(\"Q\")] (FL70 → FL300) {Polygon[7]}",
    "ED-D100 Borkum MON-FRI [Unknown(\"Q\")] (5500 ft AMSL → FL660) {Polygon[10]}",
    "ED-D100A Borkum MON-FRI [Unknown(\"Q\")] (5500 ft AMSL → FL660) {Polygon[16]}",
    "ED-D101 Deutsche Bucht MON-FRI [Unknown(\"Q\")] (5500 ft AMSL → FL245) {Polygon[14]}",
    "ED-D102 Amrum MON-FRI [Unknown(\"Q\")] (5500 ft AMSL → FL285) {Polygon[15]}",
    "Berlin 132.650 [C] (2500 ft AMSL → FL100) {Polygon[11]}",
    "Berlin 132.650 [C] (3500 ft AMSL → FL100) {Polygon[5]}",
    "Berlin 132.650 [C] (3500 ft AMSL → FL100) {Polygon[25]}",
    "Berlin (HX-West) 133.630 [C] (3500 ft AMSL → FL75) {Polygon[7]}",
    "Berlin (HX-East) 133.630 [C] (3500 ft AMSL → FL75) {Polygon[7]}",
    "Berlin 132.650 [C] (4500 ft AMSL → FL100) {Polygon[5]}",
    "Berlin (HX-West) 133.630 [C] (4500 ft AMSL → FL100) {Polygon[8]}",
    "Berlin (HX-East) 133.630 [C] (4500 ft AMSL → FL100) {Polygon[8]}",
    "Berlin 132.650 [C] (5500 ft AMSL → FL100) {Polygon[9]}",
    "Berlin (HX-WEST) 133.630 [C] (5500 ft AMSL → FL75) {Polygon[9]}",
    "Berlin (HX-EAST) 133.630 [C] (5500 ft AMSL → FL75) {Polygon[9]}",
    "Berlin 132.650 [C] (5500 ft AMSL → FL100) {Polygon[7]}",
    "Berlin (HX-EAST) 133.630 [C] (5500 ft AMSL → FL75) {Polygon[9]}",
    "Berlin (HX-WEST) 133.630 [C] (5500 ft AMSL → FL75) {Polygon[9]}",
    "Berlin 132.650 [C] (FL75 → FL100) {Polygon[9]}",
    "Berlin 132.650 [C] (FL75 → FL100) {Polygon[9]}",
    "Berlin (HX-West) 133.630 [C] (FL75 → FL100) {Polygon[9]}",
    "Berlin (HX-East) 133.630 [C] (FL75 → FL100) {Polygon[9]}",
    "Berlin (HX-East) 133.630 [C] (FL75 → FL100) {Polygon[9]}",
    "Berlin (HX-West) 133.630 [C] (FL75 → FL100) {Polygon[9]}",
    "Berlin 132.650 [C] (FL75 → FL100) {Polygon[7]}",
    "Berlin 132.650 [C] (FL75 → FL100) {Polygon[7]}",
    "Berlin 132.650 [C] (FL75 → FL100) {Polygon[9]}",
    "Berlin 132.650 [C] (FL75 → FL100) {Polygon[9]}",
    "Berlin 132.650 [C] (FL75 → FL100) {Polygon[9]}",
    "Berlin 132.650 [C] (FL75 → FL100) {Polygon[9]}",
    "Berlin [C] (1500 ft AMSL → 2500 ft AMSL) {Polygon[6]}",
    "Berlin [C] (1500 ft AMSL → 2500 ft AMSL) {Polygon[6]}",
    "Duesseldorf [C] (1500 ft AMSL → FL100) {Polygon[5]}",
    "Koeln-Bonn [C] (1500 ft AMSL → FL100) {Polygon[7]}",
    "Duesseldorf [C] (2000 ft AMSL → 2500 ft AMSL) {Polygon[8]}",
    "Duesseldorf [C] (2500 ft AMSL → FL100) {Polygon[6]}",
    "Koeln-Bonn [C] (2500 ft AMSL → FL100) {Polygon[14]}",
    "Koeln-Bonn [C] (2500 ft AMSL → FL100) {Polygon[7]}",
    "Koeln-Bonn [C] (2500 ft AMSL → FL100) {Polygon[5]}",
    "Koeln-Bonn [C] (2900 ft AMSL → FL100) {Polygon[6]}",
    "Duesseldorf [C] (3500 ft AMSL → FL100) {Polygon[7]}",
    "Duesseldorf [C] (3500 ft AMSL → FL100) {Polygon[9]}",
    "Koeln-Bonn [C] (3500 ft AMSL → FL100) {Polygon[9]}",
    "Koeln-Bonn [C] (3500 ft AMSL → FL100) {Polygon[5]}",
    "Duesseldorf [C] (4500 ft AMSL → FL100) {Polygon[11]}",
    "Duesseldorf [C] (4500 ft AMSL → FL100) {Polygon[6]}",
    "Koeln-Bonn [C] (4500 ft AMSL → FL100) {Polygon[17]}",
    "Duesseldorf [C] (FL65 → FL100) {Polygon[13]}",
    "Duesseldorf/Koeln-Bonn [C] (FL65 → FL100) {Polygon[24]}",
    "Koeln-Bonn [C] (FL65 → FL100) {Polygon[9]}",
    "Koeln-Bonn [C] (FL75 → FL100) {Polygon[6]}",
    "Koeln-Bonn [C] (FL75 → FL100) {Polygon[6]}",
    "Koeln-Bonn [C] (FL85 → FL100) {Polygon[10]}",
    "Duesseldorf [C] (FL85 → FL100) {Polygon[23]}",
    "Duesseldorf [C] (FL85 → FL100) {Polygon[5]}",
    "Frankfurt [C] (2500 ft AMSL → 3500 ft AMSL) {Polygon[18]}",
    "Frankfurt [C] (3500 ft AMSL → FL100) {Polygon[11]}",
    "Frankfurt [C] (4500 ft AMSL → FL100) {Polygon[6]}",
    "Frankfurt [C] (4500 ft AMSL → FL100) {Polygon[5]}",
    "Frankfurt [C] (5500 ft AMSL → FL100) {Polygon[5]}",
    "Frankfurt [C] (4500 ft AMSL → FL100) {Polygon[4]}",
    "Frankfurt [C] (5500 ft AMSL → FL100) {Polygon[8]}",
    "Frankfurt [C] (FL65 → FL100) {Polygon[7]}",
    "Frankfurt [C] (FL65 → FL100) {Polygon[13]}",
    "Frankfurt [C] (FL85 → FL100) {Polygon[6]}",
    "Frankfurt [C] (FL85 → FL100) {Polygon[6]}",
    "Frankfurt [C] (FL85 → FL100) {Polygon[7]}",
    "Frankfurt [C] (FL65 → FL100) {Polygon[5]}",
    "Hamburg A [C] (2500 ft AMSL → FL100) {Polygon[6]}",
    "Hamburg B [C] (3500 ft AMSL → FL100) {Polygon[5]}",
    "Hamburg C [C] (3500 ft AMSL → FL100) {Polygon[13]}",
    "Hamburg D HX [C] (3500 ft AMSL → 4500 ft AMSL) {Polygon[8]}",
    "Hamburg E HX [C] (3500 ft AMSL → 4500 ft AMSL) {Polygon[8]}",
    "Hamburg F [C] (4500 ft AMSL → FL100) {Polygon[4]}",
    "Hamburg G [C] (4500 ft AMSL → FL100) {Polygon[8]}",
    "Hamburg H [C] (4500 ft AMSL → FL100) {Polygon[8]}",
    "Hamburg I [C] (5500 ft AMSL → FL100) {Polygon[7]}",
    "Hamburg J [C] (5500 ft AMSL → FL100) {Polygon[7]}",
    "Hamburg K [C] (FL75 → FL100) {Polygon[7]}",
    "Hannover [C] (FL65 → FL100) {Polygon[11]}",
    "Muenchen [C] (3500 ft AMSL → FL100) {Polygon[11]}",
    "Muenchen [C] (4500 ft AMSL → FL100) {Polygon[13]}",
    "Muenchen [C] (4500 ft AMSL → FL100) {Polygon[13]}",
    "Muenchen [C] (FL65 → FL100) {Polygon[15]}",
    "Muenchen [C] (FL65 → FL100) {Polygon[14]}",
    "Muenchen [C] (FL85 → FL100) {Polygon[13]}",
    "Muenchen [C] (FL85 → FL100) {Polygon[16]}",
    "Muenchen [C] (5500 ft AMSL → FL100) {Polygon[19]}",
    "Muenchen [C] (5500 ft AMSL → FL100) {Polygon[18]}",
    "Stuttgart [C] (3500 ft AMSL → 5500 ft AMSL) {Polygon[8]}",
    "CTR Ansbach [Unknown(\"CTR\")] (GND → 3000 ft AMSL) {Polygon[5]}",
    "Sektor Ansbach-Petersd. (HX) [D] (GND → 3000 ft AMSL) {Polygon[54]}",
    "CTR Augsburg [Unknown(\"CTR\")] (GND → 3500 ft AMSL) {Polygon[5]}",
    "Sektor EDMA Segelflug [D] (GND → 3500 ft AMSL) {Polygon[8]}",
    "Bale-Mulhouse [Unknown(\"CTR\")] (GND → 1000 ft AGL) {Polygon[4]}",
    "CTR Berlin [Unknown(\"CTR\")] (GND → 2500 ft AMSL) {Polygon[5]}",
    "CTR Braunschweig [Unknown(\"CTR\")] (GND → 2200 ft AMSL) {Polygon[5]}",
    "EDVE Segelflugsektor 123.380 [Unknown(\"W\")] (GND → 2200 ft AMSL) {Polygon[7]}",
    "CTR Bremen [Unknown(\"CTR\")] (GND → 2500 ft AMSL) {Polygon[6]}",
    "CTR Buechel [Unknown(\"CTR\")] (GND → 4100 ft AMSL) {Polygon[5]}",
    "CTR Bueckeburg [Unknown(\"CTR\")] (GND → 2500 ft AMSL) {Polygon[9]}",
    "CTR Celle [Unknown(\"CTR\")] (GND → 2500 ft AMSL) {Polygon[6]}",
    "CTR Diepholz [Unknown(\"CTR\")] (GND → 2500 ft AMSL) {Polygon[5]}",
    "CTR Dortmund [Unknown(\"CTR\")] (GND → 2500 ft AMSL) {Polygon[5]}",
    "Sektor Kamen 1A [D] (GND → 2500 ft AMSL) {Polygon[8]}",
    "Sektor Kamen 1B [D] (GND → 1500 ft AMSL) {Polygon[4]}",
    "CTR Dresden [Unknown(\"CTR\")] (GND → 2500 ft AMSL) {Polygon[5]}",
    "CTR Duesseldorf [Unknown(\"CTR\")] (GND → 2500 ft AMSL) {Polygon[8]}",
    "CTR Erfurt [Unknown(\"CTR\")] (GND → 3500 ft AMSL) {Polygon[8]}",
    "CTR Fassberg [Unknown(\"CTR\")] (GND → 2500 ft AMSL) {Polygon[8]}",
    "CTR Frankfurt [Unknown(\"CTR\")] (GND → 2500 ft AMSL) {Polygon[12]}",
    "CTR Friedrichshafen [Unknown(\"CTR\")] (GND → 4500 ft AMSL) {Polygon[7]}",
    "CTR Fritzlar [Unknown(\"CTR\")] (GND → 2700 ft AMSL) {Polygon[5]}",
    "CTR Sektor Mosenberg (HX) [D] (GND → 2700 ft AMSL) {Polygon[5]}",
    "CTR Geilenkirchen [Unknown(\"CTR\")] (GND → 3000 ft AMSL) {Polygon[37]}",
    "CTR Grafenwoehr [Unknown(\"CTR\")] (GND → 2900 ft AMSL) {Polygon[5]}",
    "CTR Hahn [Unknown(\"CTR\")] (GND → 3500 ft AMSL) {Polygon[5]}",
    "CTR Hamburg [Unknown(\"CTR\")] (GND → 2500 ft AMSL) {Polygon[15]}",
    "CTR Sector Boberg HX [Unknown(\"CTR\")] (GND → 2500 ft AMSL) {Polygon[5]}",
    "CTR Sector Finkenwerder HX [Unknown(\"CTR\")] (GND → 2500 ft AMSL) {Polygon[5]}",
    "CTR Hannover [Unknown(\"CTR\")] (GND → 2500 ft AMSL) {Polygon[5]}",
    "CTR Heringsdorf [Unknown(\"CTR\")] (GND → 2500 ft AMSL) {Polygon[5]}",
    "Sector Mellenthin [D] (GND → 1000 ft AGL) {Polygon[5]}",
    "CTR Hof [Unknown(\"CTR\")] (GND → 3500 ft AMSL) {Polygon[5]}",
    "CTR Hohn [Unknown(\"CTR\")] (GND → 2600 ft AMSL) {Polygon[5]}",
    "CTR Holzdorf [Unknown(\"CTR\")] (GND → 2800 ft AMSL) {Polygon[5]}",
    "CTR Illesheim [Unknown(\"CTR\")] (GND → 3000 ft AMSL) {Polygon[5]}",
    "CTR Sektor Windsheim (HX) [D] (GND → 3000 ft AMSL) {Polygon[7]}",
    "CTR Ingolstadt [Unknown(\"CTR\")] (GND → 3700 ft AMSL) {Polygon[5]}",
    "CTR Karlsruhe-Baden [Unknown(\"CTR\")] (GND → 2500 ft AMSL) {Polygon[7]}",
    "CTR Sektor Baden-Oos (HX) [D] (GND → 1600 ft AMSL) {Polygon[7]}",
    "CTR Kassel [Unknown(\"CTR\")] (GND → 2700 ft AMSL) {Polygon[5]}",
    "CTR Koeln/Bonn [Unknown(\"CTR\")] (GND → 2500 ft AMSL) {Polygon[14]}",
    "CTR Sektor Duennwald (HX) [D] (GND → 2000 ft AMSL) {Polygon[4]}",
    "CTR Laage [Unknown(\"CTR\")] (GND → 2300 ft AMSL) {Polygon[5]}",
    "CTR Lahr [Unknown(\"CTR\")] (GND → 2500 ft AMSL) {Polygon[9]}",
    "CTR Sektor Altdorf (HX) [D] (GND → 2000 ft AMSL) {Polygon[5]}",
    "CTR Sektor Offenburg (HX) [D] (GND → 1200 ft AMSL) {Polygon[5]}",
    "CTR Laupheim [Unknown(\"CTR\")] (GND → 3500 ft AMSL) {Polygon[5]}",
    "CTR Lechfeld [Unknown(\"CTR\")] (GND → 4500 ft AMSL) {Polygon[5]}",
    "CTR Leipzig [Unknown(\"CTR\")] (GND → 2500 ft AMSL) {Polygon[5]}",
    "CTR Luebeck [Unknown(\"CTR\")] (GND → 2000 ft AMSL) {Polygon[5]}",
    "CTR Maastricht [Unknown(\"CTR\")] (GND → 3000 ft AMSL) {Polygon[27]}",
    "CTR Mannheim [Unknown(\"CTR\")] (GND → 2000 ft AMSL) {Polygon[5]}",
    "CTR Memmingen [Unknown(\"CTR\")] (GND → 4500 ft AMSL) {Polygon[5]}",
    "CTR Moenchengladbach [Unknown(\"CTR\")] (GND → 2000 ft AMSL) {Polygon[8]}",
    "CTR Muenchen [Unknown(\"CTR\")] (GND → 3500 ft AMSL) {Polygon[10]}",
    "CTR Sektor EDNX (HX) [D] (GND → 3000 ft AMSL) {Polygon[5]}",
    "CTR Muenster [Unknown(\"CTR\")] (GND → 2500 ft AMSL) {Polygon[8]}",
    "CTR Neuburg [Unknown(\"CTR\")] (GND → 3700 ft AMSL) {Polygon[5]}",
    "CTR Niederrhein [Unknown(\"CTR\")] (GND → 3000 ft AMSL) {Polygon[5]}",
    "CTR Niederstetten [Unknown(\"CTR\")] (GND → 3500 ft AMSL) {Polygon[5]}",
    "CTR Nordholz [Unknown(\"CTR\")] (GND → 2600 ft AMSL) {Polygon[5]}",
    "CTR Noervenich [Unknown(\"CTR\")] (GND → 2900 ft AMSL) {Polygon[5]}",
    "CTR Nuernberg [Unknown(\"CTR\")] (GND → 3500 ft AMSL) {Polygon[11]}",
    "CTR Sector Fuerth [D] (GND → 3500 ft AMSL) {Polygon[5]}",
    "CTR Oberpfaffenhofen [Unknown(\"CTR\")] (GND → 3500 ft AMSL) {Polygon[5]}",
    "UAV-AREA [Unknown(\"R\")] (GND → 3000 ft AMSL) {Polygon[5]}",
    "CTR Paderborn [Unknown(\"CTR\")] (GND → 2500 ft AMSL) {Polygon[5]}",
    "CTR Ramstein [Unknown(\"CTR\")] (GND → 3600 ft AMSL) {Polygon[5]}",
    "CTR Saarbruecken [Unknown(\"CTR\")] (GND → 3600 ft AMSL) {Polygon[6]}",
    "CTR Salzburg [Unknown(\"CTR\")] (GND → 7000 ft AMSL) {Polygon[36]}",
    "CTR Schleswig [Unknown(\"CTR\")] (GND → 2600 ft AMSL) {Polygon[6]}",
    "CTR Spangdahlem [Unknown(\"CTR\")] (GND → 3700 ft AMSL) {Polygon[7]}",
    "CTR Strasbourg [Unknown(\"CTR\")] (GND → 2500 ft AMSL) {Polygon[5]}",
    "CTR Stuttgart [Unknown(\"CTR\")] (GND → 3500 ft AMSL) {Polygon[5]}",
    "CTR Sylt [Unknown(\"CTR\")] (GND → 2600 ft AMSL) {Polygon[8]}",
    "CTR Wiesbaden [Unknown(\"CTR\")] (GND → 1500 ft AMSL) {Polygon[7]}",
    "CTR Wittmund [Unknown(\"CTR\")] (GND → 2500 ft AMSL) {Polygon[5]}",
    "CTR Wunstorf [Unknown(\"CTR\")] (GND → 2500 ft AMSL) {Polygon[5]}",
    "Bale-Mulhouse 119.355 [D] (1000 ft AGL → FL100) {Polygon[27]}",
    "Bale-Mulhouse SW1  119.355 [D] (3300 ft AMSL → FL100) {Polygon[8]}",
    "Bale-Mulhouse SW2  119.355 [D] (4500 ft AMSL → FL100) {Polygon[6]}",
    "Bale-Mulhouse 2  119.355 [D] (5500 ft AMSL → FL100) {Polygon[13]}",
    "Bremen [D] (1500 ft AMSL → FL65) {Polygon[5]}",
    "Bremen [D] (1500 ft AMSL → FL65) {Polygon[5]}",
    "Bremen [D] (2500 ft AMSL → FL65) {Polygon[7]}",
    "Bremen [D] (3500 ft AMSL → FL65) {Polygon[7]}",
    "Bremen [D] (3500 ft AMSL → FL65) {Polygon[7]}",
    "Dortmund 129.875 [D] (2000 ft AMSL → 4500 ft AMSL) {Polygon[6]}",
    "Dortmund 129.875 [D] (2500 ft AMSL → 4500 ft AMSL) {Polygon[13]}",
    "Dresden 125.875 [D] (2500 ft AMSL → FL75) {Polygon[8]}",
    "Dresden 125.875 [D] (3500 ft AMSL → FL75) {Polygon[9]}",
    "Friedrichshafen [D] (3500 ft AMSL → 4500 ft AMSL) {Polygon[5]}",
    "Dresden-Nord  HX 125.875 [D] (3500 ft AMSL → FL75) {Polygon[7]}",
    "Dresden-Sued  HX [D] (3500 ft AMSL → FL75) {Polygon[9]}",
    "Frankfurt [D] (1500 ft AMSL → 2500 ft AMSL) {Polygon[22]}",
    "Hahn 123.525 [D] (2500 ft AMSL → FL65) {Polygon[5]}",
    "Hahn 123.525 [D] (2500 ft AMSL → FL65) {Polygon[5]}",
    "Hahn 123.525 [D] (3500 ft AMSL → FL65) {Polygon[5]}",
    "Hahn 123.525 [D] (3500 ft AMSL → FL65) {Polygon[5]}",
    "Hahn 123.525 [D] (3500 ft AMSL → FL65) {Polygon[5]}",
    "Hamb.-Finkenw. HX (RWY05 at EDHI) [D] (2500 ft AMSL → 3500 ft AMSL) {Polygon[8]}",
    "Hannover A 119.825 [D] (2500 ft AMSL → FL65) {Polygon[10]}",
    "Hannover B 119.825 [D] (4500 ft AMSL → FL65) {Polygon[18]}",
    "Karlsruhe 128.950 [D] (1500 ft AMSL → FL65) {Polygon[7]}",
    "Karlsruhe 128.950 [D] (1500 ft AMSL → FL65) {Polygon[7]}",
    "Karlsruhe 128.950 [D] (2500 ft AMSL → FL65) {Polygon[7]}",
    "Karlsruhe 128.950 [D] (2500 ft AMSL → FL65) {Polygon[7]}",
    "Karlsruhe 128.950 [D] (2500 ft AMSL → FL65) {Polygon[15]}",
    "Karlsruhe 128.950 [D] (3500 ft AMSL → FL65) {Polygon[7]}",
    "Karlsruhe 128.950 [D] (3500 ft AMSL → FL65) {Polygon[5]}",
    "Karlsruhe 128.950 [D] (4500 ft AMSL → FL65) {Polygon[7]}",
    "Koeln [D] (1500 ft AMSL → 2500 ft AMSL) {Polygon[5]}",
    "Leipzig 126.175 [D] (2500 ft AMSL → FL75) {Polygon[10]}",
    "Leipzig (HX-West) 134.460 [D] (3500 ft AMSL → FL75) {Polygon[13]}",
    "Leipzig 126.175 [D] (3500 ft AMSL → FL75) {Polygon[7]}",
    "Leipzig (HX-East) 134.460 [D] (3500 ft AMSL → FL75) {Polygon[14]}",
    "Leipzig 126.175 [D] (3500 ft AMSL → FL75) {Polygon[7]}",
    "Leipzig (HX-West) 134.460 [D] (4500 ft AMSL → FL75) {Polygon[6]}",
    "Leipzig (HX-East) 134.460 [D] (4500 ft AMSL → FL75) {Polygon[6]}",
    "Leipzig 126.175 [D] (5500 ft AMSL → FL75) {Polygon[5]}",
    "Leipzig 126.175 [D] (5500 ft AMSL → FL75) {Polygon[5]}",
    "Leipzig (HX-West) 134.460 [D] (5500 ft AMSL → FL75) {Polygon[10]}",
    "Leipzig (HX-East) 134.460 [D] (5500 ft AMSL → FL75) {Polygon[10]}",
    "Leipzig (HX-East) 134.460 [D] (5500 ft AMSL → FL75) {Polygon[10]}",
    "Leipzig (HX-West) 134.460 [D] (5500 ft AMSL → FL75) {Polygon[10]}",
    "Luxembourg 118.905 [D] (3500 ft AMSL → FL100) {Polygon[71]}",
    "Luxembourg 118.905 [D] (5500 ft AMSL → FL100) {Polygon[52]}",
    "Muenster-Osnabrueck 129.875 [D] (2500 ft AMSL → 4500 ft AMSL) {Polygon[7]}",
    "Niederrhein 129.875 [D] (2500 ft AMSL → FL65) {Polygon[29]}",
    "Nuernberg 120.650 [D] (3500 ft AMSL → 4500 ft AMSL) {Polygon[7]}",
    "Nuernberg 120.650 [D] (4500 ft AMSL → FL75) {Polygon[11]}",
    "Nuernberg 120.650 [D] (5500 ft AMSL → FL75) {Polygon[7]}",
    "Nuernberg 120.650 [D] (5500 ft AMSL → FL75) {Polygon[7]}",
    "Salzburg 123.725 [D] (4500 ft AMSL → FL100) {Polygon[12]}",
    "Salzburg 123.725 [D] (4500 ft AMSL → FL130) {Polygon[6]}",
    "Salzburg 123.725 [D] (7000 ft AMSL → FL100) {Polygon[9]}",
    "Salzburg 123.725 [D] (7000 ft AMSL → FL130) {Polygon[32]}",
    "Stuttgart 128.950 [D] (4500 ft AMSL → FL100) {Polygon[17]}",
    "Stuttgart 128.950 [D] (5500 ft AMSL → FL100) {Polygon[8]}",
    "Stuttgart 128.950 [D] (5500 ft AMSL → FL100) {Polygon[14]}",
    "Stuttgart 128.950 [D] (FL75 → FL100) {Polygon[5]}",
    "Stuttgart 128.950 [D] (FL75 → FL100) {Polygon[18]}",
    "ATZ ESSEN-MUELHEIM 119.755 [Unknown(\"Q\")] (GND → 1500 ft AMSL) {Polygon[5]}",
    "ATZ-low Cochstedt 131.130  NOTAM [Unknown(\"Q\")] (GND → 1600 ft AMSL) {Polygon[5]}",
    "ATZ-high Cochstedt 131.130  NOTAM [Unknown(\"Q\")] (1600 ft AMSL → 3000 ft AMSL) {Polygon[5]}",
    "RMZ EDFQ 135.165 [Unknown(\"RMZ\")] (GND → 1000 ft AGL) {Polygon[5]}",
    "RMZ EDAC 123.580 [Unknown(\"RMZ\")] (GND → 1000 ft AGL) {Polygon[5]}",
    "RMZ EDQA 123.440 [Unknown(\"RMZ\")] (GND → 1000 ft AGL) {Polygon[5]}",
    "RMZ EDBH 118.080 [Unknown(\"RMZ\")] (GND → 1000 ft AGL) {Polygon[5]}",
    "RMZ EDAB 120.605 [Unknown(\"RMZ\")] (GND → 1000 ft AGL) {Polygon[5]}",
    "RMZ EDQD 127.530 [Unknown(\"RMZ\")] (GND → 1000 ft AGL) {Polygon[5]}",
    "RMZ EDBC [Unknown(\"RMZ\")] (GND → 1000 ft AGL) {Polygon[5]}",
    "RMZ EDQC 128.680 [Unknown(\"RMZ\")] (GND → 1000 ft AGL) {Polygon[5]}",
    "RMZ EDTD 126.690 [Unknown(\"RMZ\")] (GND → 1000 ft AGL) {Polygon[5]}",
    "Satellitenzone-Sued [G] (GND → 1000 ft AGL) {Polygon[5]}",
    "Satellitenzone-Nord 127.535 [G] (GND → 1000 ft AGL) {Polygon[5]}",
    "RMZ EDPR 122.055 [Unknown(\"RMZ\")] (GND → 1000 ft AGL) {Polygon[5]}",
    "RMZ EDME 120.305 [Unknown(\"RMZ\")] (GND → 1000 ft AGL) {Polygon[5]}",
    "RMZ Sektor Pfarrkirchen 119.980 [G] (GND → 1000 ft AGL) {Polygon[5]}",
    "RMZ EDWE 118.605 [Unknown(\"RMZ\")] (GND → 1000 ft AGL) {Polygon[5]}",
    "RMZ/ATZ/TMZ EDFE 118.405 [Unknown(\"RMZ\")] (GND → 1500 ft AMSL) {Polygon[5]}",
    "RMZ EDQG 125.505 [Unknown(\"RMZ\")] (GND → 1000 ft AGL) {Polygon[5]}",
    "RMZ EDHK 119.980 [Unknown(\"RMZ\")] (GND → 1000 ft AGL) {Polygon[5]}",
    "RMZ EDBM 119.305 [Unknown(\"RMZ\")] (GND → 1000 ft AGL) {Polygon[5]}",
    "RMZ EDTM 135.180 [Unknown(\"RMZ\")] (GND → 1000 ft AGL) {Polygon[5]}",
    "RMZ Sektor Saulgau 123.605 [G] (GND → 1000 ft AGL) {Polygon[5]}",
    "RMZ EDBN 119.180 [Unknown(\"RMZ\")] (GND → 1000 ft AGL) {Polygon[5]}",
    "RMZ EDMX 131.130 [Unknown(\"RMZ\")] (GND → 1000 ft AGL) {Polygon[9]}",
    "RMZ ETMN-GLIDER 123.300 [Unknown(\"RMZ\")] (1000 ft AMSL → 5000 ft AMSL) {Polygon[5]}",
    "RMZ ETMN-GLIDER 123.300 [Unknown(\"RMZ\")] (1500 ft AMSL → 5000 ft AMSL) {Polygon[7]}",
    "RMZ ETNS-GLIDER 123.300 [Unknown(\"RMZ\")] (1500 ft AMSL → 5000 ft AMSL) {Polygon[10]}",
    "RMZ ETNS-GLIDER 123.300 [Unknown(\"RMZ\")] (2600 ft AMSL → 5000 ft AMSL) {Polygon[5]}",
    "RMZ EDAZ 131.155 [Unknown(\"RMZ\")] (GND → 1000 ft AGL) {Polygon[7]}",
    "RMZ EDTY 129.230 [Unknown(\"RMZ\")] (GND → 1000 ft AGL) {Polygon[5]}",
    "RMZ EDGS 120.380 [Unknown(\"RMZ\")] (GND → 1000 ft AGL) {Polygon[5]}",
    "RMZ EDRY 118.080 [Unknown(\"RMZ\")] (GND → 1000 ft AGL) {Polygon[5]}",
    "RMZ EDMS 127.155 [Unknown(\"RMZ\")] (GND → 1000 ft AGL) {Polygon[5]}",
    "RMZ EDAY 118.735 [Unknown(\"RMZ\")] (GND → 1000 ft AGL) {Polygon[5]}",
    "RMZ EDWI 129.255 [Unknown(\"RMZ\")] (GND → 1000 ft AGL) {Polygon[5]}",
    "RMZ EDRZ 123.830 [Unknown(\"RMZ\")] (GND → 1000 ft AGL) {Polygon[24]}",
    "RMZ Sektor Pirmasens 122.355 [G] (GND → 1000 ft AGL) {Polygon[6]}",
    "TMZ-EDDW A4471 124.800 [Unknown(\"TMZ\")] (FL65 → FL100) {Polygon[7]}",
    "TMZ-EDLW A6102 125.225 [Unknown(\"TMZ\")] (4500 ft AMSL → FL65) {Polygon[6]}",
    "TMZ-EDLW A6102 125.225 [Unknown(\"TMZ\")] (4500 ft AMSL → FL65) {Polygon[13]}",
    "TMZ-EDLW A6102 125.225 [Unknown(\"TMZ\")] (3500 ft AMSL → FL65) {Polygon[15]}",
    "TMZ-EDLW A6102 125.225 [Unknown(\"TMZ\")] (4500 ft AMSL → FL65) {Polygon[6]}",
    "TMZ-EDDC A4410 125.875 [Unknown(\"TMZ\")] (FL75 → FL100) {Polygon[9]}",
    "TMZ-EDDC-Sued HX A4410 125.875 [Unknown(\"TMZ\")] (FL75 → FL100) {Polygon[7]}",
    "TMZ-EDDC-Nord HX A4410 125.875 [Unknown(\"TMZ\")] (FL75 → FL100) {Polygon[7]}",
    "TMZ-EDDC-Nord HX A4410  125.875 [Unknown(\"TMZ\")] (FL75 → FL100) {Polygon[5]}",
    "TMZ-EDDE HX A4410 126.175 [Unknown(\"TMZ\")] (2500 ft AMSL → FL65) {Polygon[5]}",
    "TMZ-EDDE HX A4410 126.175 [Unknown(\"TMZ\")] (2500 ft AMSL → FL65) {Polygon[5]}",
    "TMZ-EDDE HX A4410 126.175 [Unknown(\"TMZ\")] (3500 ft AMSL → FL65) {Polygon[13]}",
    "TMZ-EDNY XPDR A2677  119.925 [Unknown(\"TMZ\")] (3500 ft AMSL → FL100) {Polygon[31]}",
    "TMZ-EDNY XPDR A2677 119.925 [Unknown(\"TMZ\")] (5500 ft AMSL → FL100) {Polygon[6]}",
    "TMZ-EDNY XPDR A2677 119.925 [Unknown(\"TMZ\")] (4500 ft AMSL → FL65) {Polygon[13]}",
    "TMZ-EDNY XPDR A2677 119.925 [Unknown(\"TMZ\")] (3500 ft AMSL → FL85) {Polygon[10]}",
    "TMZ-EDNY HX  XPDR A2677 119.925 [Unknown(\"TMZ\")] (4500 ft AMSL → FL100) {Polygon[5]}",
    "TMZ-EDFH A0424 125.600 [Unknown(\"TMZ\")] (4500 ft AMSL → FL75) {Polygon[12]}",
    "TMZ-EDFH A0424 125.600 [Unknown(\"TMZ\")] (4500 ft AMSL → FL75) {Polygon[9]}",
    "TMZ-EDFH A0424 125.600 [Unknown(\"TMZ\")] (5500 ft AMSL → FL75) {Polygon[6]}",
    "TMZ-EDFH A0424 125.600 [Unknown(\"TMZ\")] (5500 ft AMSL → FL75) {Polygon[6]}",
    "TMZ-EDFH A0424 125.600 [Unknown(\"TMZ\")] (FL65 → FL75) {Polygon[13]}",
    "TMZ-EDDH-A A4671 120.540 [Unknown(\"TMZ\")] (FL60 → FL100) {Polygon[9]}",
    "TMZ-EDDH-B A4671 120.540 [Unknown(\"TMZ\")] (FL75 → FL100) {Polygon[7]}",
    "TMZ-EDDV HX-WEST A4676 119.490 [Unknown(\"TMZ\")] (FL65 → FL100) {Polygon[9]}",
    "TMZ-EDDV A4676 119.490 [Unknown(\"TMZ\")] (FL65 → FL100) {Polygon[5]}",
    "TMZ-EDDV HX-EAST A4676 119.490 [Unknown(\"TMZ\")] (FL65 → FL100) {Polygon[9]}",
    "TMZ-EDDV HX-WEST A4676 119.490 [Unknown(\"TMZ\")] (FL75 → FL100) {Polygon[9]}",
    "TMZ-EDDV HX-WEST A4676 119.490 [Unknown(\"TMZ\")] (FL75 → FL100) {Polygon[5]}",
    "TMZ-EDDV HX-EAST A4676 119.490 [Unknown(\"TMZ\")] (FL75 → FL100) {Polygon[9]}",
    "TMZ-EDDP HX-WEST A4404 126.175 [Unknown(\"TMZ\")] (FL75 → FL100) {Polygon[7]}",
    "TMZ-EDDP A4404 126.175 [Unknown(\"TMZ\")] (FL75 → FL100) {Polygon[19]}",
    "TMZ-EDDP HX-EAST A4404 126.175 [Unknown(\"TMZ\")] (FL75 → FL100) {Polygon[7]}",
    "TMZ-EDJA A4404 129.450 [Unknown(\"TMZ\")] (3500 ft AMSL → FL100) {Polygon[5]}",
    "TMZ-EDJA A4404 129.450 [Unknown(\"TMZ\")] (3500 ft AMSL → FL100) {Polygon[5]}",
    "TMZ-EDJA A4404 129.450 [Unknown(\"TMZ\")] (4500 ft AMSL → FL100) {Polygon[9]}",
    "TMZ-EDJA A4404 129.450 [Unknown(\"TMZ\")] (FL65 → FL100) {Polygon[5]}",
    "TMZ-EDJA A4404 129.450 [Unknown(\"TMZ\")] (FL65 → FL100) {Polygon[5]}",
    "TMZ-EDJA A4404 129.450 [Unknown(\"TMZ\")] (FL75 → FL100) {Polygon[5]}",
    "TMZ-EDJA A4404 129.450 [Unknown(\"TMZ\")] (FL75 → FL100) {Polygon[5]}",
    "TMZ-EDDG A6104 129.300 [Unknown(\"TMZ\")] (3500 ft AMSL → FL60) {Polygon[9]}",
    "TMZ-EDDG A6104 129.300 [Unknown(\"TMZ\")] (4500 ft AMSL → FL60) {Polygon[9]}",
    "TMZ-EDDG A6104 129.300 [Unknown(\"TMZ\")] (4500 ft AMSL → FL60) {Polygon[5]}",
    "TMZ-EDDG A6104 129.300 [Unknown(\"TMZ\")] (4500 ft AMSL → FL60) {Polygon[5]}",
    "TMZ-EDLV A6101 119.110 [Unknown(\"TMZ\")] (1500 ft AMSL → FL65) {Polygon[5]}",
    "TMZ-EDLV A6101 119.110 [Unknown(\"TMZ\")] (2500 ft AMSL → FL65) {Polygon[23]}",
    "TMZ-EDLV A6101 119.110 [Unknown(\"TMZ\")] (2500 ft AMSL → FL65) {Polygon[14]}",
    "TMZ-EDLV A6101 119.110 [Unknown(\"TMZ\")] (3000 ft AMSL → FL65) {Polygon[26]}",
    "TMZ-EDLV A6101 119.110 [Unknown(\"TMZ\")] (3500 ft AMSL → FL65) {Polygon[8]}",
    "TMZ-EDLV A6101 119.110 [Unknown(\"TMZ\")] (4500 ft AMSL → FL65) {Polygon[5]}",
    "TMZ-EDLV A6101 119.110 [Unknown(\"TMZ\")] (4500 ft AMSL → FL65) {Polygon[6]}",
    "TMZ-EDDN A4404 129.525 [Unknown(\"TMZ\")] (FL75 → FL100) {Polygon[13]}",
    "TMZ-EDLP A6102 125.225 [Unknown(\"TMZ\")] (1900 ft AMSL → FL60) {Polygon[5]}",
    "TMZ-EDLP A6102 125.225 [Unknown(\"TMZ\")] (2500 ft AMSL → FL60) {Polygon[10]}",
    "TMZ-EDLP A6102 125.225 [Unknown(\"TMZ\")] (3500 ft AMSL → FL60) {Polygon[11]}",
    "TMZ-EDLP A6102 125.225 [Unknown(\"TMZ\")] (3500 ft AMSL → FL60) {Polygon[6]}",
    "TMZ-EDLP A6102 125.225 [Unknown(\"TMZ\")] (4500 ft AMSL → FL60) {Polygon[7]}",
    "TMZ ETMN HX A4460 123.300 [Unknown(\"TMZ\")] (1000 ft AMSL → 5000 ft AMSL) {Polygon[5]}",
    "TMZ ETMN HX A4460 123.300 [Unknown(\"TMZ\")] (1500 ft AMSL → 5000 ft AMSL) {Polygon[7]}",
    "TMZ-ETNS HX A4476 123.300 [Unknown(\"TMZ\")] (1500 ft AMSL → 5000 ft AMSL) {Polygon[10]}",
    "TMZ-ETNS HX A4476 123.300 [Unknown(\"TMZ\")] (2600 ft AMSL → 5000 ft AMSL) {Polygon[5]}",
    "TMZ-ETNT A4472 131.015 [Unknown(\"TMZ\")] (1200 ft AMSL → 5000 ft AMSL) {Polygon[5]}",
    "TMZ-ETNT A4472 131.015 [Unknown(\"TMZ\")] (2500 ft AMSL → 5000 ft AMSL) {Polygon[9]}",
    "Baumholder-West 128.360 [Unknown(\"W\")] (1500 ft AGL → FL95) {Polygon[4]}",
    "Boxberg 123.255 [Unknown(\"W\")] (GND → 5500 ft AMSL) {Polygon[8]}",
    "Aukrug 118.985 [Unknown(\"W\")] (3500 ft AMSL → FL100) {Polygon[5]}",
    "Winsen 128.585 [Unknown(\"W\")] (4500 ft AMSL → FL100) {Polygon[4]}",
    "Lueneburg 128.585 [Unknown(\"W\")] (FL60 → FL100) {Polygon[9]}",
    "Guteborn 128.110 [Unknown(\"W\")] (3500 ft AMSL → FL75) {Polygon[8]}",
    "Radeberg 118.630 [Unknown(\"W\")] (3500 ft AMSL → FL75) {Polygon[8]}",
    "Kamenz 128.110 [Unknown(\"W\")] (3500 ft AMSL → FL75) {Polygon[7]}",
    "Teuto A 129.875 [Unknown(\"W\")] (4500 ft AMSL → FL60) {Polygon[6]}",
    "Teuto B 129.875 [Unknown(\"W\")] (3500 ft AMSL → FL60) {Polygon[6]}",
    "Koeln-Nord A 129.875 [Unknown(\"W\")] (2500 ft AMSL → FL65) {Polygon[8]}",
    "Koeln-Nord B 129.875 [Unknown(\"W\")] (2500 ft AMSL → FL65) {Polygon[7]}",
    "Koeln-Sued A1 123.525 [Unknown(\"W\")] (4500 ft AMSL → FL65) {Polygon[9]}",
    "Koeln-Sued A2 123.525 [Unknown(\"W\")] (3500 ft AMSL → FL65) {Polygon[6]}",
    "Koeln-Sued A3 123.525 [Unknown(\"W\")] (3500 ft AMSL → FL65) {Polygon[4]}",
    "Koeln-Sued A4 123.525 [Unknown(\"W\")] (2500 ft AMSL → FL65) {Polygon[5]}",
    "Koeln-Sued B1 123.525 [Unknown(\"W\")] (3500 ft AMSL → FL65) {Polygon[4]}",
    "Koeln-Sued B2 123.525 [Unknown(\"W\")] (4500 ft AMSL → FL65) {Polygon[6]}",
    "Koeln-Ost A 129.875 [Unknown(\"W\")] (4500 ft AMSL → FL65) {Polygon[8]}",
    "Koeln-Ost B 129.875 [Unknown(\"W\")] (FL65 → FL85) {Polygon[8]}",
    "Bad Neuenahr 123.525 [Unknown(\"W\")] (FL75 → FL95) {Polygon[6]}",
    "Dierdorf 123.525 [Unknown(\"W\")] (FL75 → FL95) {Polygon[6]}",
    "Bochum-Nord 129.875 Untergr. C 3500ft [Unknown(\"W\")] (3500 ft AMSL → FL65) {Polygon[8]}",
    "Bochum-Nord 129.875 Untergr. C 4500ft [Unknown(\"W\")] (4500 ft AMSL → FL65) {Polygon[6]}",
    "Bochum-Mitte 129.875 [Unknown(\"W\")] (3500 ft AMSL → 4500 ft AMSL) {Polygon[7]}",
    "Bochum-Sued 129.875 [Unknown(\"W\")] (3500 ft AMSL → 4500 ft AMSL) {Polygon[6]}",
    "Gustorf 1 129.875 [Unknown(\"W\")] (4500 ft AMSL → FL65) {Polygon[6]}",
    "Gustorf 2 129.875 [Unknown(\"W\")] (3500 ft AMSL → FL65) {Polygon[8]}",
    "Wanlo 129.875 [Unknown(\"W\")] (4500 ft AMSL → FL65) {Polygon[5]}",
    "Birken-65 129.805 [Unknown(\"W\")] (3500 ft AMSL → FL65) {Polygon[6]}",
    "Birken-75 Untergr. 4500ft 129.805 [Unknown(\"W\")] (4500 ft AMSL → FL75) {Polygon[15]}",
    "Birken-75 Ugr. 5500ft 129.805 [Unknown(\"W\")] (5500 ft AMSL → FL75) {Polygon[8]}",
    "GAMOLA-95 Untergr. FL65 129.805 [Unknown(\"W\")] (FL65 → FL95) {Polygon[7]}",
    "GAMOLA-95 Untergr. FL85 129.805 [Unknown(\"W\")] (FL85 → FL95) {Polygon[7]}",
    "Gammelsdorf-55 129.805 [Unknown(\"W\")] (4500 ft AMSL → 5500 ft AMSL) {Polygon[5]}",
    "Gammelsdorf-65 129.805 [Unknown(\"W\")] (5500 ft AMSL → FL65) {Polygon[5]}",
    "Landshut 129.805 [Unknown(\"W\")] (4500 ft AMSL → 5500 ft AMSL) {Polygon[6]}",
    "Moosburg 129.805 [Unknown(\"W\")] (3500 ft AMSL → 4500 ft AMSL) {Polygon[6]}",
    "Sevelen 129.875 [Unknown(\"W\")] (4500 ft AMSL → FL65) {Polygon[5]}",
    "Erlangen-Hetzles 123.605 [Unknown(\"W\")] (4500 ft AMSL → FL75) {Polygon[5]}",
    "Erlangen-Lauf  128.585 [Unknown(\"W\")] (4500 ft AMSL → FL75) {Polygon[7]}",
    "Hersbruck  123.685 [Unknown(\"W\")] (4500 ft AMSL → FL75) {Polygon[7]}",
    "Happurg 123.685 [Unknown(\"W\")] (4500 ft AMSL → FL75) {Polygon[7]}",
    "Altdorf-Ost 129.980 [Unknown(\"W\")] (4500 ft AMSL → FL75) {Polygon[8]}",
    "Feucht 129.980 [Unknown(\"W\")] (4500 ft AMSL → FL75) {Polygon[5]}",
    "Seckendorf 132.810 [Unknown(\"W\")] (4500 ft AMSL → FL75) {Polygon[7]}",
    "Popperg 123.685 [Unknown(\"W\")] (5500 ft AMSL → FL75) {Polygon[7]}",
    "Weihenzell 132.810 [Unknown(\"W\")] (5500 ft AMSL → FL75) {Polygon[7]}",
    "Langenfeld 118.930 [Unknown(\"W\")] (5500 ft AMSL → FL75) {Polygon[7]}",
    "Vestenbergsgreuth 130.780 [Unknown(\"W\")] (5500 ft AMSL → FL75) {Polygon[7]}",
    "Feuerstein-West 130.780 [Unknown(\"W\")] (FL75 → FL100) {Polygon[10]}",
    "Feuerstein-Ost 130.780 [Unknown(\"W\")] (FL75 → FL100) {Polygon[5]}",
    "Laucha-Nord 118.960 [Unknown(\"W\")] (3500 ft AMSL → FL75) {Polygon[6]}",
    "Laucha-Sued 118.960 [Unknown(\"W\")] (5500 ft AMSL → FL75) {Polygon[10]}",
    "Roitzschjora Nord 128.010 [Unknown(\"W\")] (5500 ft AMSL → FL75) {Polygon[10]}",
    "Roitzschjora Sued 128.010 [Unknown(\"W\")] (3500 ft AMSL → FL75) {Polygon[6]}",
    "Alb-Nord_Ugr. 4.5 128.950 [Unknown(\"W\")] (4500 ft AMSL → FL100) {Polygon[10]}",
    "Alb-Nord_Ugr 5.5 128.950 [Unknown(\"W\")] (5500 ft AMSL → FL100) {Polygon[7]}",
    "Alb-Sued 128.950 [Unknown(\"W\")] (FL75 → FL100) {Polygon[5]}",
    "Alb-Ost 128.950 [Unknown(\"W\")] (FL75 → FL100) {Polygon[9]}",
    "Alb-West 128.950 [Unknown(\"W\")] (FL75 → FL100) {Polygon[6]}",
    "Nagold 128.950 [Unknown(\"W\")] (5500 ft AMSL → FL100) {Polygon[8]}",
    "Schwarzwald 128.950 [Unknown(\"W\")] (FL75 → FL100) {Polygon[7]}",
    "Goeppingen 128.950 [Unknown(\"W\")] (5500 ft AMSL → FL100) {Polygon[8]}",
    "Hornberg 128.950 [Unknown(\"W\")] (FL75 → FL100) {Polygon[7]}",
    "Idar-Oberstein_1 128.360 [Unknown(\"W\")] (4500 ft AMSL → FL75) {Polygon[6]}",
    "Idar-Oberstein_2 128.360 [Unknown(\"W\")] (5500 ft AMSL → FL75) {Polygon[4]}",
    "Hahn-Sued 128.360 [Unknown(\"W\")] (4500 ft AMSL → FL75) {Polygon[5]}",
    "Hahn-Nord 128.360 [Unknown(\"W\")] (4500 ft AMSL → FL75) {Polygon[5]}",
    "Senne 129.875 [Unknown(\"W\")] (2500 ft AMSL → FL60) {Polygon[9]}",
    "Warstein 129.875 [Unknown(\"W\")] (3500 ft AMSL → FL60) {Polygon[6]}",
    "Rheinstetten 121.240 [Unknown(\"W\")] (3500 ft AMSL → FL65) {Polygon[6]}",
    "Bad Wildungen [Unknown(\"W\")] (FL100 → FL195) {Polygon[6]}",
    "Bayrischer Wald 118.555 [Unknown(\"W\")] (FL100 → FL160) {Polygon[8]}",
    "Haardt [Unknown(\"W\")] (FL100 → FL195) {Polygon[8]}",
    "N-FGEB 132.830 [Unknown(\"W\")] (FL100 → FL160) {Polygon[6]}",
    "Harz 127.560 [Unknown(\"W\")] (FL100 → FL200) {Polygon[5]}",
    "Hoher Meissner 125.490 [Unknown(\"W\")] (FL100 → FL195) {Polygon[6]}",
    "Murgtal Nord 128.950 [Unknown(\"W\")] (FL100 → FL195) {Polygon[5]}",
    "Murgtal Mitte 128.950 [Unknown(\"W\")] (FL100 → FL195) {Polygon[5]}",
    "Murgtal Sued 128.950 [Unknown(\"W\")] (FL100 → FL195) {Polygon[6]}",
    "Oberpfaelzer Wald 120.255 [Unknown(\"W\")] (FL100 → FL160) {Polygon[10]}",
    "untererThuer.Wald 131.260 [Unknown(\"W\")] (FL100 → FL160) {Polygon[7]}",
    "obererThuer.Wald 131.260 [Unknown(\"W\")] (FL160 → FL220) {Polygon[7]}",
    "PARA Ailertchen EDGA 126.410 [Unknown(\"Q\")] (GND → FL100) {Circle[r=2NM]}",
    "PARA Altenstadt ETHA 122.100 [Unknown(\"Q\")] (GND → FL100) {Circle[r=2NM]}",
    "PARA Arnstadt EDBA 131.260 [Unknown(\"Q\")] (GND → FL100) {Circle[r=2NM]}",
    "PARA Bad Ditzenbach EDPB 135.985 [Unknown(\"Q\")] (GND → FL100) {Circle[r=2NM]}",
    "PARA Bad Duerkheim EDRF 122.405 [Unknown(\"Q\")] (GND → FL100) {Circle[r=2NM]}",
    "PARA Bad Frankenhausen EDOF 121.190 [Unknown(\"Q\")] (GND → FL100) {Circle[r=2NM]}",
    "PARA Bad Woerish.-Nord EDNH 122.605 [Unknown(\"Q\")] (GND → FL100) {Circle[r=1NM]}",
    "PARA Ballenstedt EDCB 122.705 [Unknown(\"Q\")] (GND → FL100) {Circle[r=2NM]}",
    "PARA Barth EDBH 118.080 [Unknown(\"Q\")] (GND → FL100) {Circle[r=2NM]}",
    "PARA Bautzen EDAB 120.605 [Unknown(\"Q\")] (GND → FL100) {Circle[r=2NM]}",
    "PARA Bienenfarm EDOI 134.990 [Unknown(\"Q\")] (GND → FL100) {Circle[r=2NM]}",
    "PARA Bitburg EDRB 118.705 [Unknown(\"Q\")] (GND → FL100) {Circle[r=2NM]}",
    "PARA Bonn-Hangelar EDKB 135.155 [Unknown(\"Q\")] (GND → FL100) {Circle[r=1.5NM]}",
    "PARA Braunschweig EDVE 120.055 [Unknown(\"Q\")] (GND → FL100) {Circle[r=2NM]}",
    "PARA Breitscheid EDGB 122.530 [Unknown(\"Q\")] (GND → FL100) {Circle[r=2NM]}",
    "PARA Bremgarten EDTG 124.030 [Unknown(\"Q\")] (GND → FL100) {Circle[r=2NM]}",
    "PARA Bruchsal 126.730 [Unknown(\"Q\")] (GND → FL100) {Circle[r=2NM]}",
    "PARA Brunsiek-Meissendorf 126.730 [Unknown(\"Q\")] (GND → FL100) {Circle[r=2NM]}",
    "PARA Burgheim 134.410 [Unknown(\"Q\")] (GND → FL100) {Circle[r=2NM]}",
    "PARA Dahlemer Binz EDKV 130.085 [Unknown(\"Q\")] (GND → FL100) {Circle[r=2NM]}",
    "PARA Damme EDWC 133.305 [Unknown(\"Q\")] (GND → FL100) {Circle[r=2NM]}",
    "PARA Deggendorf EDMW 122.030 [Unknown(\"Q\")] (GND → FL100) {Circle[r=2NM]}",
    "PARA Dessau EDAD 118.180 [Unknown(\"Q\")] (GND → FL100) {Circle[r=2NM]}",
    "PARA Dinkelsbuehl EDND 134.535 [Unknown(\"Q\")] (GND → FL100) {Circle[r=2NM]}",
    "PARA Eggenfelden EDME 120.305 [Unknown(\"Q\")] (GND → FL100) {Circle[r=2NM]}",
    "PARA Eggersdorf EDCE 123.005 [Unknown(\"Q\")] (GND → FL100) {Circle[r=2NM]}",
    "PARA Eisenach EDGE 119.755 [Unknown(\"Q\")] (GND → FL100) {Circle[r=2NM]}",
    "PARA Fehrbellin EDBF 133.940 [Unknown(\"Q\")] (GND → FL100) {Circle[r=2NM]}",
    "PARA Flensburg EDXF 122.855 [Unknown(\"Q\")] (GND → FL100) {Circle[r=2NM]}",
    "PARA Fuerstenzell EDMF 128.740 [Unknown(\"Q\")] (GND → FL100) {Circle[r=2NM]}",
    "PARA Ganderkesee EDWQ 118.630 [Unknown(\"Q\")] (GND → FL100) {Circle[r=1.5NM]}",
    "PARA Gelnhausen EDFG 123.055 [Unknown(\"Q\")] (GND → FL100) {Circle[r=2NM]}",
    "PARA Gera EDAJ 118.080 [Unknown(\"Q\")] (GND → FL100) {Circle[r=2NM]}",
    "PARA Giessen EDFL 122.505 [Unknown(\"Q\")] (GND → FL100) {Circle[r=2NM]}",
    "PARA Gransee 135.580 [Unknown(\"Q\")] (GND → FL100) {Circle[r=2NM]}",
    "PARA Grefrath EDLF 126.705 [Unknown(\"Q\")] (GND → FL65) {Circle[r=2NM]}",
    "PARA Grossrueckerswalde EDAG 118.585 [Unknown(\"Q\")] (GND → FL100) {Circle[r=2NM]}",
    "PARA Guenzburg EDMG 118.130 [Unknown(\"Q\")] (GND → FL100) {Circle[r=2NM]}",
    "PARA Hartenholm EDHM 118.130 [Unknown(\"Q\")] (GND → FL100) {Circle[r=2NM]}",
    "PARA Hassfurt-Schweinf. EDQT 119.805 [Unknown(\"Q\")] (GND → FL100) {Circle[r=2NM]}",
    "PARA Herrenteich EDEH 132.055 [Unknown(\"Q\")] (GND → FL100) {Circle[r=2NM]}",
    "PARA Hildesheim EDVM 118.310 [Unknown(\"Q\")] (GND → FL100) {Circle[r=2NM]}",
    "PARA Hodenhagen EDVH 119.005 [Unknown(\"Q\")] (GND → FL100) {Circle[r=2NM]}",
    "PARA Huettenbusch EDXU 120.835 [Unknown(\"Q\")] (GND → FL100) {Circle[r=2NM]}",
    "PARA Illertissen EDMI 128.865 [Unknown(\"Q\")] (GND → FL100) {Circle[r=2NM]}",
    "PARA Itzehoe EDHF 127.110 [Unknown(\"Q\")] (GND → FL100) {Circle[r=2NM]}",
    "PARA Jena EDBJ 118.735 [Unknown(\"Q\")] (GND → FL100) {Circle[r=2NM]}",
    "PARA Karlshoefen EDWK 118.930 [Unknown(\"Q\")] (GND → FL100) {Circle[r=2NM]}",
    "PARA Kassel EDVK 118.105 [Unknown(\"Q\")] (GND → FL100) {Circle[r=2NM]}",
    "PARA Kiel EDHK 119.980 [Unknown(\"Q\")] (GND → FL100) {Circle[r=2NM]}",
    "PARA Lachen-Speyerdorf EDRL 128.585 [Unknown(\"Q\")] (GND → FL100) {Circle[r=2NM]}",
    "PARA Altenburg EDAC 123.580 [Unknown(\"Q\")] (GND → FL100) {Circle[r=2NM]}",
    "PARA Leutkirch EDNL 122.880 [Unknown(\"Q\")] (GND → FL100) {Polygon[5]}",
    "PARA Luechow EDHC 125.365 [Unknown(\"Q\")] (GND → FL100) {Circle[r=2NM]}",
    "PARA Magdeburg EDBM 119.305 [Unknown(\"Q\")] (GND → FL100) {Circle[r=2NM]}",
    "PARA Marl-Loemuehle EDLM 134.610 [Unknown(\"Q\")] (GND → FL65) {Circle[r=2NM]}",
    "PARA Merseburg EDAM 118.990 [Unknown(\"Q\")] (GND → FL100) {Circle[r=2NM]}",
    "PARA Mosbach EDGM 128.340 [Unknown(\"Q\")] (GND → FL100) {Circle[r=2NM]}",
    "PARA Nardt EDAT 120.390 [Unknown(\"Q\")] (GND → FL100) {Circle[r=2NM]}",
    "PARA Neuhausen EDAP 122.730 [Unknown(\"Q\")] (GND → FL100) {Circle[r=2NM]}",
    "PARA Neustadt/Aisch EDQN 118.930 [Unknown(\"Q\")] (GND → FL100) {Circle[r=2NM]}",
    "PARA Neustadt-Glewe EDAN 118.815 [Unknown(\"Q\")] (GND → FL100) {Circle[r=2NM]}",
    "PARA Pad-Lippstadt EDLP 133.380 [Unknown(\"Q\")] (GND → FL100) {Circle[r=2NM]}",
    "PARA Radolfzell 127.530 [Unknown(\"Q\")] (GND → FL100) {Circle[r=2NM]}",
    "PARA Roitzschjora EDAW 128.010 [Unknown(\"Q\")] (GND → FL100) {Circle[r=2NM]}",
    "PARA Rosenthal EDQP 127.455 [Unknown(\"Q\")] (GND → FL100) {Circle[r=2NM]}",
    "PARA Rothenburg odT EDFR 128.360 [Unknown(\"Q\")] (GND → FL100) {Circle[r=2NM]}",
    "PARA Rottweil EDSZ 129.505 [Unknown(\"Q\")] (GND → FL100) {Circle[r=2NM]}",
    "PARA Ruegen EDCG 123.005 [Unknown(\"Q\")] (GND → FL100) {Circle[r=2NM]}",
    "PARA Saarlouis EDRJ 121.210 [Unknown(\"Q\")] (GND → FL100) {Circle[r=2NM]}",
    "PARA Saulgau EDTU 123.605 [Unknown(\"Q\")] (GND → FL100) {Circle[r=2NM]}",
    "PARA Schlierstadt 133.290 [Unknown(\"Q\")] (GND → FL100) {Circle[r=2NM]}",
    "PARA Schmallenberg EDKR 127.090 [Unknown(\"Q\")] (GND → FL100) {Circle[r=2NM]}",
    "PARA Schwaeb.-Hall EDTX 129.230 [Unknown(\"Q\")] (GND → FL100) {Circle[r=2NM]}",
    "PARA Schwarzheide EDBZ 132.810 [Unknown(\"Q\")] (GND → FL100) {Circle[r=2NM]}",
    "PARA Schweighofen EDRO 123.005 [Unknown(\"Q\")] (GND → FL100) {Circle[r=5NM]}",
    "PARA Schwenningen EDTS 127.535 [Unknown(\"Q\")] (GND → FL100) {Circle[r=2NM]}",
    "PARA Seedorf EDXS 119.665 [Unknown(\"Q\")] (GND → FL100) {Circle[r=2NM]}",
    "PARA Sendenhorst 126.730 [Unknown(\"Q\")] (GND → FL100) {Circle[r=2NM]}",
    "PARA Soest EDLZ 133.465 [Unknown(\"Q\")] (GND → FL100) {Circle[r=2NM]}",
    "PARA Stadtlohn EDLS 119.205 [Unknown(\"Q\")] (GND → FL100) {Circle[r=2NM]}",
    "PARA Sylt EDXW 119.750 [Unknown(\"Q\")] (GND → FL100) {Circle[r=2NM]}",
    "PARA Tannheim EDMT 122.830 [Unknown(\"Q\")] (GND → FL100) {Polygon[5]}",
    "PARA Thalmaessing EDPW 128.860 [Unknown(\"Q\")] (GND → FL100) {Circle[r=2NM]}",
    "PARA Trier EDRT 118.390 [Unknown(\"Q\")] (GND → FL100) {Circle[r=2NM]}",
    "PARA Unterschuepf EDGU 132.015 [Unknown(\"Q\")] (GND → FL100) {Circle[r=2NM]}",
    "PARA Varrelbusch EDWU 132.565 [Unknown(\"Q\")] (GND → FL100) {Circle[r=2NM]}",
    "PARA Walldorf EDGX 118.265 [Unknown(\"Q\")] (GND → FL100) {Circle[r=2NM]}",
    "PARA Westerstede EDWX 122.685 [Unknown(\"Q\")] (GND → FL100) {Circle[r=2NM]}",
    "PARA Zerbst EDUZ 124.485 [Unknown(\"Q\")] (GND → FL100) {Circle[r=2NM]}",
    "PARA Zweibruecken EDRZ 123.830 [Unknown(\"Q\")] (GND → FL100) {Circle[r=2NM]}",
    "TMA ZUERICH 1 127.755 [C] (3000 ft AMSL → FL100) {Polygon[10]}",
    "TMA ZUERICH 2A 127.755 [C] (3500 ft AMSL → FL100) {Polygon[18]}",
    "TMA ZUERICH 2B 127.755 [C] (3500 ft AMSL → FL100) {Polygon[10]}",
    "TMA ZUERICH 3A 127.755 [C] (4500 ft AMSL → FL100) {Polygon[24]}",
    "TMA ZUERICH 3B 127.755 [C] (4500 ft AMSL → FL100) {Polygon[28]}",
    "TMA ZUERICH 4A 127.755 [C] (5500 ft AMSL → FL100) {Polygon[19]}",
    "TMA ZUERICH 4D 127.755 [C] (5500 ft AMSL → FL100) {Polygon[19]}",
    "TMA ZUERICH 5A 127.755 [C] (6500 ft AMSL → FL100) {Polygon[27]}",
    "TMA ZUERICH 5B 127.755 [C] (6500 ft AMSL → FL100) {Polygon[10]}",
    "TMA ZUERICH 6A 127.755 [C] (7500 ft AMSL → FL100) {Polygon[7]}",
    "TMA ZUERICH 6B 127.755 [C] (7500 ft AMSL → FL100) {Polygon[7]}",
    "TMA ZUERICH 7 127.755 [C] (8500 ft AMSL → FL100) {Polygon[7]}",
    "CTR ZUERICH  118.100 [Unknown(\"CTR\")] (GND → 4500 ft AMSL) {Polygon[20]}",
]
